Microchip MPLAB XC8 Compiler V2.32

Linker command line:

-W-3 --edf=C:\Program Files\Microchip\xc8\v2.32\pic\dat\en_msgs.txt -cn \
  -h+dist/default/production\Projeto_simp.X.production.sym \
  --cmf=dist/default/production\Projeto_simp.X.production.cmf -z -Q18F4520 \
  -oC:\Users\Lucas\AppData\Local\Temp\xcAsb8k.4 --defsym=__MPLAB_BUILD=1 \
  -Mdist/default/production/Projeto_simp.X.production.map -E1 \
  -ver=XC8 Compiler --acfsm=1493 -ASTACK=080h-05FFh -pstack=STACK \
  -ACODE=00h-07FFFh -ACONST=00h-07FFFh -ASMALLCONST=0600h-06FFhx122 \
  -AMEDIUMCONST=0600h-07FFFh -ACOMRAM=01h-07Fh -AABS1=00h-05FFh \
  -ABIGRAM=01h-05FFh -ARAM=080h-0FFh,0100h-01FFhx5 -ABANK0=080h-0FFh \
  -ABANK1=0100h-01FFh -ABANK2=0200h-02FFh -ABANK3=0300h-03FFh \
  -ABANK4=0400h-04FFh -ABANK5=0500h-05FFh -ASFR=0F80h-0FFFh \
  -ACONFIG=0300000h-030000Dh -AIDLOC=0200000h-0200007h \
  -AEEDATA=0F00000h-0F000FFh -peeprom_data=EEDATA \
  -preset_vec=00h,intcode,intcodelo,powerup,init -pramtop=0600h \
  -psmallconst=SMALLCONST -pmediumconst=MEDIUMCONST -pconst=CONST \
  -AFARRAM=00h-00h \
  -prdata=COMRAM,nvrram=COMRAM,nvbit=COMRAM,rbss=COMRAM,rbit=COMRAM \
  -pfarbss=FARRAM,fardata=FARRAM,nvFARRAM=FARRAM \
  -pintsave_regs=BIGRAM,bigbss=BIGRAM,bigdata=BIGRAM -pbss=RAM \
  -pidata=CODE,irdata=CODE,ibigdata=CODE,ifardata=CODE -prparam=COMRAM \
  C:\Users\Lucas\AppData\Local\Temp\xcAsb8k.o \
  dist/default/production\Projeto_simp.X.production.o 

Object code version is 3.11

Machine type is 18F4520



                Name                               Link     Load   Length Selector   Space Scale
C:\Users\Lucas\AppData\Local\Temp\xcAsb8k.o
                idloc                            200000   200000        8        0       5
                config                           300000   300000        E        0       4
                init                                  0        0        4        0       0
dist/default/production\Projeto_simp.X.production.o
                idloc                            200000   200000        8        0       5
                config                           300000   300000        E        0       4
                smallconst                          600      600       56      300       0
                text39                             1C28     1C28       C4      32B       0
                text38                             1DA0     1DA0       B0      32B       0
                text37                              CB0      CB0      4C0      32B       0
                text36                             1B24     1B24      104      32B       0
                text35                             1E50     1E50       98      32B       0
                text34                             13BE     13BE      24E      32B       0
                text33                             233E     233E       3E      32B       0
                text32                             23B6     23B6       32      32B       0
                text31                             23E8     23E8       30      32B       0
                text30                             255C     255C        2      32B       0
                text29                             1170     1170      24E      32B       0
                text28                             22FC     22FC       42      32B       0
                text27                             2442     2442       2A      32B       0
                text26                             2418     2418       2A      32B       0
                text25                             2262     2262       4E      32B       0
                text24                             2104     2104       5A      32B       0
                text23                             24FC     24FC       1E      32B       0
                text22                             24B8     24B8       26      32B       0
                text21                             1CEC     1CEC       B4      32B       0
                text20                             237C     237C       3A      32B       0
                text19                             24DE     24DE       1E      32B       0
                text18                             220C     220C       56      32B       0
                text17                             215E     215E       58      32B       0
                text16                             160C     160C      16C      32B       0
                text15                             22B0     22B0       4C      32B       0
                text14                             1778     1778      16A      32B       0
                text13                             18E2     18E2      136      32B       0
                text12                             1EE8     1EE8       78      32B       0
                text11                             254A     254A        A      32B       0
                text10                             20A2     20A2       62      32B       0
                text9                              2040     2040       62      32B       0
                text8                              1A18     1A18      10C      32B       0
                text7                              2492     2492       26      32B       0
                text6                              251A     251A       1A      32B       0
                text5                              1F60     1F60       74      32B       0
                text4                              246C     246C       26      32B       0
                text3                              1FD4     1FD4       6C      32B       0
                text2                              21B6     21B6       56      32B       0
                text1                              2554     2554        8      32B       0
                text0                               656      656      65A      32B       0
                cstackCOMRAM                          1        1       21        1       1
                bssCOMRAM                            22       22       18        1       1
                cinit                              2534     2534       16      32B       0

TOTAL           Name                               Link     Load   Length     Space
        CLASS   STACK          

        CLASS   CODE           
                init                                  0        0        4         0
                text39                             1C28     1C28       C4         0
                text38                             1DA0     1DA0       B0         0
                text37                              CB0      CB0      4C0         0
                text36                             1B24     1B24      104         0
                text35                             1E50     1E50       98         0
                text34                             13BE     13BE      24E         0
                text33                             233E     233E       3E         0
                text32                             23B6     23B6       32         0
                text31                             23E8     23E8       30         0
                text30                             255C     255C        2         0
                text29                             1170     1170      24E         0
                text28                             22FC     22FC       42         0
                text27                             2442     2442       2A         0
                text26                             2418     2418       2A         0
                text25                             2262     2262       4E         0
                text24                             2104     2104       5A         0
                text23                             24FC     24FC       1E         0
                text22                             24B8     24B8       26         0
                text21                             1CEC     1CEC       B4         0
                text20                             237C     237C       3A         0
                text19                             24DE     24DE       1E         0
                text18                             220C     220C       56         0
                text17                             215E     215E       58         0
                text16                             160C     160C      16C         0
                text15                             22B0     22B0       4C         0
                text14                             1778     1778      16A         0
                text13                             18E2     18E2      136         0
                text12                             1EE8     1EE8       78         0
                text11                             254A     254A        A         0
                text10                             20A2     20A2       62         0
                text9                              2040     2040       62         0
                text8                              1A18     1A18      10C         0
                text7                              2492     2492       26         0
                text6                              251A     251A       1A         0
                text5                              1F60     1F60       74         0
                text4                              246C     246C       26         0
                text3                              1FD4     1FD4       6C         0
                text2                              21B6     21B6       56         0
                text1                              2554     2554        8         0
                text0                               656      656      65A         0
                cinit                              2534     2534       16         0

        CLASS   CONST          

        CLASS   SMALLCONST     
                smallconst                          600      600       56         0

        CLASS   MEDIUMCONST    

        CLASS   COMRAM         
                cstackCOMRAM                          1        1       21         1
                bssCOMRAM                            22       22       18         1

        CLASS   ABS1           

        CLASS   BIGRAM         

        CLASS   RAM            

        CLASS   BANK0          

        CLASS   BANK1          

        CLASS   BANK2          

        CLASS   BANK3          

        CLASS   BANK4          

        CLASS   BANK5          

        CLASS   SFR            

        CLASS   CONFIG         
                config                           300000   300000        E         4

        CLASS   IDLOC          
                idloc                            200000   200000        8         5

        CLASS   EEDATA         

        CLASS   FARRAM         



SEGMENTS        Name                           Load    Length   Top    Selector   Space  Class

                reset_vec                      000000  000004  000004         0       0  CODE    
                cstackCOMRAM                   000001  000039  00003A         1       1  COMRAM  
                smallconst                     000600  000056  000656       300       0  SMALLCON
                text0                          000656  001F08  00255E       32B       0  CODE    


UNUSED ADDRESS RANGES

        Name                Unused          Largest block    Delta
        BANK0            000080-0000FF               80
        BANK1            000100-0001FF              100
        BANK2            000200-0002FF              100
        BANK3            000300-0003FF              100
        BANK4            000400-0004FF              100
        BANK5            000500-0005FF              100
        BIGRAM           00003A-0005FF              5C6
        CODE             000004-0005FF              5FC
                         00255E-007FFF             5AA2
        COMRAM           00003A-00007F               46
        CONST            000004-0005FF              5FC
                         00255E-007FFF             5AA2
        EEDATA           F00000-F000FF              100
        MEDIUMCONST      00255E-007FFF             5AA2
        RAM              000080-0005FF              100
        SFR              000F80-000FFF               80
        SMALLCONST       00255E-007FFF              100
        STACK            000080-0005FF              580

                                  Symbol Table

?___aldiv                cstackCOMRAM 000001
?___awdiv                cstackCOMRAM 000001
?___awmod                cstackCOMRAM 000009
?___fladd                cstackCOMRAM 000001
?___lwdiv                cstackCOMRAM 000001
?___wmul                 cstackCOMRAM 000001
?_digitalRead            cstackCOMRAM 000001
_ADCON1                  (abs)        000FC1
_CCP2CON                 (abs)        000FBA
_CCPR2L                  (abs)        000FBB
_INTCON                  (abs)        000FF2
_PORTA                   (abs)        000F80
_PORTB                   (abs)        000F81
_PORTC                   (abs)        000F82
_PORTD                   (abs)        000F83
_PORTE                   (abs)        000F84
_PR2                     (abs)        000FCB
_Passw                   smallconst   00061B
_PulseClockData          text27       002442
_PulseEnClock            text26       002418
_T0CON                   (abs)        000FD5
_T2CON                   (abs)        000FCA
_TMR0H                   (abs)        000FD7
_TMR0L                   (abs)        000FD6
_TRISA                   (abs)        000F92
_TRISB                   (abs)        000F93
_TRISC                   (abs)        000F94
_TRISD                   (abs)        000F95
_TRISE                   (abs)        000F96
_User                    smallconst   000620
__HRAM                   (abs)        000000
__Habs1                  abs1         000000
__Hbank0                 bank0        000000
__Hbank1                 bank1        000000
__Hbank2                 bank2        000000
__Hbank3                 bank3        000000
__Hbank4                 bank4        000000
__Hbank5                 bank5        000000
__Hbigbss                bigbss       000000
__Hbigdata               bigdata      000000
__Hbigram                bigram       000000
__Hbss                   bss          000000
__HbssCOMRAM             bssCOMRAM    000000
__Hcinit                 cinit        000000
__Hclrtext               clrtext      000000
__Hcomram                comram       000000
__Hconfig                config       30000E
__Hconst                 const        000000
__HcstackCOMRAM          cstackCOMRAM 000000
__Hdata                  data         000000
__Heeprom_data           eeprom_data  000000
__Hfarbss                farbss       000000
__Hfardata               fardata      000000
__Hibigdata              ibigdata     000000
__Hidata                 idata        000000
__Hidloc                 idloc        200008
__Hifardata              ifardata     000000
__Hinit                  init         000004
__Hintcode               intcode      000000
__Hintcode_body          intcode_body 000000
__Hintcodelo             intcodelo    000000
__Hintentry              intentry     000000
__Hintret                intret       000000
__Hintsave_regs          intsave_regs 000000
__Hirdata                irdata       000000
__Hmediumconst           mediumconst  000000
__HnvFARRAM              nvFARRAM     000000
__Hnvbit                 nvbit        000000
__Hnvrram                nvrram       000000
__Hparam                 rparam       000000
__Hpowerup               powerup      000000
__Hram                   ram          000000
__Hramtop                ramtop       000600
__Hrbit                  rbit         000000
__Hrbss                  rbss         000000
__Hrdata                 rdata        000000
__Hreset_vec             reset_vec    000000
__Hrparam                rparam       000000
__Hsfr                   sfr          000000
__Hsmallconst            smallconst   000656
__Hspace_0               (abs)        00255E
__Hspace_1               (abs)        00003A
__Hspace_2               (abs)        000000
__Hspace_4               (abs)        60000E
__Hstack                 stack        000000
__Hstruct                struct       000000
__Htemp                  temp         000000
__Htext                  text         000000
__Htext0                 text0        000000
__Htext1                 text1        000000
__Htext10                text10       000000
__Htext11                text11       000000
__Htext12                text12       000000
__Htext13                text13       000000
__Htext14                text14       000000
__Htext15                text15       000000
__Htext16                text16       000000
__Htext17                text17       000000
__Htext18                text18       000000
__Htext19                text19       000000
__Htext2                 text2        000000
__Htext20                text20       000000
__Htext21                text21       000000
__Htext22                text22       000000
__Htext23                text23       000000
__Htext24                text24       000000
__Htext25                text25       000000
__Htext26                text26       000000
__Htext27                text27       000000
__Htext28                text28       000000
__Htext29                text29       000000
__Htext3                 text3        000000
__Htext30                text30       000000
__Htext31                text31       000000
__Htext32                text32       000000
__Htext33                text33       000000
__Htext34                text34       000000
__Htext35                text35       000000
__Htext36                text36       000000
__Htext37                text37       000000
__Htext38                text38       000000
__Htext39                text39       000000
__Htext4                 text4        000000
__Htext5                 text5        000000
__Htext6                 text6        000000
__Htext7                 text7        000000
__Htext8                 text8        000000
__Htext9                 text9        000000
__LRAM                   (abs)        000001
__Labs1                  abs1         000000
__Lbank0                 bank0        000000
__Lbank1                 bank1        000000
__Lbank2                 bank2        000000
__Lbank3                 bank3        000000
__Lbank4                 bank4        000000
__Lbank5                 bank5        000000
__Lbigbss                bigbss       000000
__Lbigdata               bigdata      000000
__Lbigram                bigram       000000
__Lbss                   bss          000000
__LbssCOMRAM             bssCOMRAM    000000
__Lcinit                 cinit        000000
__Lclrtext               clrtext      000000
__Lcomram                comram       000000
__Lconfig                config       000000
__Lconst                 const        000000
__LcstackCOMRAM          cstackCOMRAM 000000
__Ldata                  data         000000
__Leeprom_data           eeprom_data  000000
__Lfarbss                farbss       000000
__Lfardata               fardata      000000
__Libigdata              ibigdata     000000
__Lidata                 idata        000000
__Lidloc                 idloc        000000
__Lifardata              ifardata     000000
__Linit                  init         000000
__Lintcode               intcode      000000
__Lintcode_body          intcode_body 000000
__Lintcodelo             intcodelo    000000
__Lintentry              intentry     000000
__Lintret                intret       000000
__Lintsave_regs          intsave_regs 000000
__Lirdata                irdata       000000
__Lmediumconst           mediumconst  000000
__LnvFARRAM              nvFARRAM     000000
__Lnvbit                 nvbit        000000
__Lnvrram                nvrram       000000
__Lparam                 rparam       000000
__Lpowerup               powerup      000000
__Lram                   ram          000000
__Lramtop                ramtop       000600
__Lrbit                  rbit         000000
__Lrbss                  rbss         000000
__Lrdata                 rdata        000000
__Lreset_vec             reset_vec    000000
__Lrparam                rparam       000000
__Lsfr                   sfr          000000
__Lsmallconst            smallconst   000600
__Lspace_0               (abs)        000000
__Lspace_1               (abs)        000000
__Lspace_2               (abs)        000000
__Lspace_4               (abs)        000000
__Lstack                 stack        000000
__Lstruct                struct       000000
__Ltemp                  temp         000000
__Ltext                  text         000000
__Ltext0                 text0        000000
__Ltext1                 text1        000000
__Ltext10                text10       000000
__Ltext11                text11       000000
__Ltext12                text12       000000
__Ltext13                text13       000000
__Ltext14                text14       000000
__Ltext15                text15       000000
__Ltext16                text16       000000
__Ltext17                text17       000000
__Ltext18                text18       000000
__Ltext19                text19       000000
__Ltext2                 text2        000000
__Ltext20                text20       000000
__Ltext21                text21       000000
__Ltext22                text22       000000
__Ltext23                text23       000000
__Ltext24                text24       000000
__Ltext25                text25       000000
__Ltext26                text26       000000
__Ltext27                text27       000000
__Ltext28                text28       000000
__Ltext29                text29       000000
__Ltext3                 text3        000000
__Ltext30                text30       000000
__Ltext31                text31       000000
__Ltext32                text32       000000
__Ltext33                text33       000000
__Ltext34                text34       000000
__Ltext35                text35       000000
__Ltext36                text36       000000
__Ltext37                text37       000000
__Ltext38                text38       000000
__Ltext39                text39       000000
__Ltext4                 text4        000000
__Ltext5                 text5        000000
__Ltext6                 text6        000000
__Ltext7                 text7        000000
__Ltext8                 text8        000000
__Ltext9                 text9        000000
__S0                     (abs)        00255E
__S1                     (abs)        00003A
__S2                     (abs)        000000
__S4                     (abs)        000000
__S5                     (abs)        000000
___aldiv                 text8        001A18
___aldiv@counter         cstackCOMRAM 000009
___aldiv@dividend        cstackCOMRAM 000001
___aldiv@divisor         cstackCOMRAM 000005
___aldiv@quotient        cstackCOMRAM 00000B
___aldiv@sign            cstackCOMRAM 00000A
___awdiv                 text39       001C28
___awdiv@counter         cstackCOMRAM 000005
___awdiv@dividend        cstackCOMRAM 000001
___awdiv@divisor         cstackCOMRAM 000003
___awdiv@quotient        cstackCOMRAM 000007
___awdiv@sign            cstackCOMRAM 000006
___awmod                 text38       001DA0
___awmod@counter         cstackCOMRAM 00000D
___awmod@dividend        cstackCOMRAM 000009
___awmod@divisor         cstackCOMRAM 00000B
___awmod@sign            cstackCOMRAM 00000E
___fladd                 text37       000CB0
___fladd@a               cstackCOMRAM 000005
___fladd@aexp            cstackCOMRAM 00000E
___fladd@b               cstackCOMRAM 000001
___fladd@bexp            cstackCOMRAM 00000F
___fladd@grs             cstackCOMRAM 000010
___fladd@signs           cstackCOMRAM 00000D
___flge                  text36       001B24
___flge@ff1              cstackCOMRAM 000001
___flge@ff2              cstackCOMRAM 000005
___inthi_sp              stack        000000
___intlo_sp              stack        000000
___lwdiv                 text5        001F60
___lwdiv@counter         cstackCOMRAM 000007
___lwdiv@dividend        cstackCOMRAM 000001
___lwdiv@divisor         cstackCOMRAM 000003
___lwdiv@quotient        cstackCOMRAM 000005
___param_bank            (abs)        000000
___rparam_used           (abs)        000001
___sp                    stack        000000
___wmul                  text4        00246C
___wmul@multiplicand     cstackCOMRAM 000003
___wmul@multiplier       cstackCOMRAM 000001
___wmul@product          cstackCOMRAM 000005
__accesstop              (abs)        000080
__activetblptr           (abs)        000002
__end_of_Passw           smallconst   000620
__end_of_PulseClockData  text27       00246C
__end_of_PulseEnClock    text26       002442
__end_of_User            smallconst   000625
__end_of___aldiv         text8        001B24
__end_of___awdiv         text39       001CEC
__end_of___awmod         text38       001E50
__end_of___fladd         text37       001170
__end_of___flge          text36       001C28
__end_of___lwdiv         text5        001FD4
__end_of___wmul          text4        002492
__end_of__initialization cinit        002540
__end_of_charKey         smallconst   00061B
__end_of_comp            text35       001EE8
__end_of_delayMicro      text30       00255E
__end_of_delayMili       text31       002418
__end_of_digitalRead     text14       0018E2
__end_of_digitalWrite    text29       0013BE
__end_of_kpDebounce      text13       001A18
__end_of_kpInit          text32       0023E8
__end_of_kpReadKey       text12       001F60
__end_of_lcdChar         text19       0024FC
__end_of_lcdCommand      text23       00251A
__end_of_lcdInit         text21       001DA0
__end_of_lcdPosition     text20       0023B6
__end_of_lcdString       text18       002262
__end_of_limpaSSD        text15       0022FC
__end_of_main            text0        000CB0
__end_of_pegaSenha       text10       002104
__end_of_pegaUser        text9        0020A2
__end_of_pinMode         text34       00160C
__end_of_pulseEnablePin  text28       00233E
__end_of_pushByte        text24       00215E
__end_of_pushNibble      text22       0024DE
__end_of_pwmFrequency    text7        0024B8
__end_of_pwmInit         text6        002534
__end_of_pwmSet          text3        002040
__end_of_soInit          text33       00237C
__end_of_soWrite         text25       0022B0
__end_of_ssdDigit        text17       0021B6
__end_of_ssdInit         text2        00220C
__end_of_ssdUpdate       text16       001778
__end_of_timerInit       text1        00255C
__end_of_valor           smallconst   000611
__end_of_zeraKey         text11       002554
__initialization         cinit        002534
__mediumconst            mediumconst  000000
__pbssCOMRAM             bssCOMRAM    000022
__pcinit                 cinit        002534
__pcstackCOMRAM          cstackCOMRAM 000001
__psmallconst            smallconst   000600
__ptext0                 text0        000656
__ptext1                 text1        002554
__ptext10                text10       0020A2
__ptext11                text11       00254A
__ptext12                text12       001EE8
__ptext13                text13       0018E2
__ptext14                text14       001778
__ptext15                text15       0022B0
__ptext16                text16       00160C
__ptext17                text17       00215E
__ptext18                text18       00220C
__ptext19                text19       0024DE
__ptext2                 text2        0021B6
__ptext20                text20       00237C
__ptext21                text21       001CEC
__ptext22                text22       0024B8
__ptext23                text23       0024FC
__ptext24                text24       002104
__ptext25                text25       002262
__ptext26                text26       002418
__ptext27                text27       002442
__ptext28                text28       0022FC
__ptext29                text29       001170
__ptext3                 text3        001FD4
__ptext30                text30       00255C
__ptext31                text31       0023E8
__ptext32                text32       0023B6
__ptext33                text33       00233E
__ptext34                text34       0013BE
__ptext35                text35       001E50
__ptext36                text36       001B24
__ptext37                text37       000CB0
__ptext38                text38       001DA0
__ptext39                text39       001C28
__ptext4                 text4        00246C
__ptext5                 text5        001F60
__ptext6                 text6        00251A
__ptext7                 text7        002492
__ptext8                 text8        001A18
__ptext9                 text9        002040
__ramtop                 ramtop       000600
__size_of_PulseClockData (abs)        000000
__size_of_PulseEnClock   (abs)        000000
__size_of___aldiv        (abs)        000000
__size_of___awdiv        (abs)        000000
__size_of___awmod        (abs)        000000
__size_of___fladd        (abs)        000000
__size_of___flge         (abs)        000000
__size_of___lwdiv        (abs)        000000
__size_of___wmul         (abs)        000000
__size_of_comp           (abs)        000000
__size_of_delayMicro     (abs)        000000
__size_of_delayMili      (abs)        000000
__size_of_digitalRead    (abs)        000000
__size_of_digitalWrite   (abs)        000000
__size_of_kpDebounce     (abs)        000000
__size_of_kpInit         (abs)        000000
__size_of_kpReadKey      (abs)        000000
__size_of_lcdChar        (abs)        000000
__size_of_lcdCommand     (abs)        000000
__size_of_lcdInit        (abs)        000000
__size_of_lcdPosition    (abs)        000000
__size_of_lcdString      (abs)        000000
__size_of_limpaSSD       (abs)        000000
__size_of_main           (abs)        000000
__size_of_pegaSenha      (abs)        000000
__size_of_pegaUser       (abs)        000000
__size_of_pinMode        (abs)        000000
__size_of_pulseEnablePin (abs)        000000
__size_of_pushByte       (abs)        000000
__size_of_pushNibble     (abs)        000000
__size_of_pwmFrequency   (abs)        000000
__size_of_pwmInit        (abs)        000000
__size_of_pwmSet         (abs)        000000
__size_of_soInit         (abs)        000000
__size_of_soWrite        (abs)        000000
__size_of_ssdDigit       (abs)        000000
__size_of_ssdInit        (abs)        000000
__size_of_ssdUpdate      (abs)        000000
__size_of_timerInit      (abs)        000000
__size_of_zeraKey        (abs)        000000
__smallconst             smallconst   000600
_charKey                 smallconst   000611
_comp                    text35       001E50
_delayMicro              text30       00255C
_delayMili               text31       0023E8
_digitalRead             text14       001778
_digitalWrite            text29       001170
_display                 bssCOMRAM    000036
_keys                    bssCOMRAM    000030
_kpDebounce              text13       0018E2
_kpInit                  text32       0023B6
_kpReadKey               text12       001EE8
_lcdChar                 text19       0024DE
_lcdCommand              text23       0024FC
_lcdInit                 text21       001CEC
_lcdPosition             text20       00237C
_lcdString               text18       00220C
_limpaSSD                text15       0022B0
_main                    text0        000656
_pegaSenha               text10       0020A2
_pegaUser                text9        002040
_pinMode                 text34       0013BE
_pulseEnablePin          text28       0022FC
_pushByte                text24       002104
_pushNibble              text22       0024B8
_pwmFrequency            text7        002492
_pwmInit                 text6        00251A
_pwmSet                  text3        001FD4
_savP                    bssCOMRAM    000022
_savU                    bssCOMRAM    000027
_soInit                  text33       00233E
_soWrite                 text25       002262
_ssdDigit                text17       00215E
_ssdInit                 text2        0021B6
_ssdUpdate               text16       00160C
_timerInit               text1        002554
_v0                      bssCOMRAM    000035
_v1                      bssCOMRAM    000034
_v2                      bssCOMRAM    000033
_v3                      bssCOMRAM    000032
_valor                   smallconst   000601
_zeraKey                 text11       00254A
comp@a                   cstackCOMRAM 000003
comp@c                   cstackCOMRAM 000002
delayMicro@a             cstackCOMRAM 000001
delayMili@a              cstackCOMRAM 000001
delayMili@i              cstackCOMRAM 000004
digitalRead@pin          cstackCOMRAM 000001
digitalWrite@pin         cstackCOMRAM 000001
digitalWrite@value       cstackCOMRAM 000003
end_of_initialization    cinit        002540
intlevel0                text         000000
intlevel1                text         000000
intlevel2                text         000000
intlevel3                text         000000
isa$std                  (abs)        000001
isa$xinst                (abs)        000000
kpDebounce@i             cstackCOMRAM 00000D
kpDebounce@newRead       bssCOMRAM    00002E
kpDebounce@oldRead       bssCOMRAM    00002C
kpDebounce@tempo         bssCOMRAM    000037
kpReadKey@i              cstackCOMRAM 000004
lcdChar@value            cstackCOMRAM 00000E
lcdCommand@value         cstackCOMRAM 00000E
lcdPosition@col          cstackCOMRAM 000011
lcdPosition@line         cstackCOMRAM 00000F
lcdString@i              cstackCOMRAM 000013
lcdString@msg            cstackCOMRAM 00000F
limpaSSD@k               cstackCOMRAM 000011
main@cnt                 cstackCOMRAM 000018
main@conf                cstackCOMRAM 000017
main@k                   cstackCOMRAM 00001E
main@u                   cstackCOMRAM 00001A
pegaSenha@j              bssCOMRAM    000038
pegaUser@i               bssCOMRAM    000039
pinMode@pin              cstackCOMRAM 000001
pinMode@type             cstackCOMRAM 000003
pushByte@rs              cstackCOMRAM 00000A
pushByte@value           cstackCOMRAM 00000D
pushNibble@rs            cstackCOMRAM 00000A
pushNibble@value         cstackCOMRAM 00000C
pwmFrequency@freq        cstackCOMRAM 00000F
pwmSet@porcento          cstackCOMRAM 00000A
pwmSet@val               cstackCOMRAM 00000B
soWrite@i                cstackCOMRAM 000009
soWrite@value            cstackCOMRAM 000007
ssdDigit@pos             cstackCOMRAM 00000F
ssdDigit@val             cstackCOMRAM 000010
stackhi                  (abs)        0005FF
stacklo                  (abs)        000080
start                    init         000000
start_initialization     cinit        002534


MODULE INFORMATION

Module		Function		Class		Link	Load	Size
ssd.c
		_ssdInit       		CODE           	21B6	0000	86
		_ssdDigit      		CODE           	215E	0000	88
		_ssdUpdate     		CODE           	160C	0000	364

ssd.c estimated size: 538

C:\Program Files\Microchip\xc8\v2.32\pic\sources\c99\common\awdiv.c
		___awdiv       		CODE           	1C28	0000	196

C:\Program Files\Microchip\xc8\v2.32\pic\sources\c99\common\awdiv.c estimated size: 196

C:\Program Files\Microchip\xc8\v2.32\pic\sources\c99\common\sprcadd.c
		___fladd       		CODE           	0CB0	0000	1216

C:\Program Files\Microchip\xc8\v2.32\pic\sources\c99\common\sprcadd.c estimated size: 1216

C:\Program Files\Microchip\xc8\v2.32\pic\sources\c99\common\aldiv.c
		___aldiv       		CODE           	1A18	0000	268

C:\Program Files\Microchip\xc8\v2.32\pic\sources\c99\common\aldiv.c estimated size: 268

keypad.c
		_kpInit        		CODE           	23B6	0000	50
		_kpReadKey     		CODE           	1EE8	0000	120
		_zeraKey       		CODE           	254A	0000	10
		_kpDebounce    		CODE           	18E2	0000	310

keypad.c estimated size: 490

so.c
		_soInit        		CODE           	233E	0000	62
		_soWrite       		CODE           	2262	0000	78
		_PulseEnClock  		CODE           	2418	0000	42
		_PulseClockData		CODE           	2442	0000	42

so.c estimated size: 224

io.c
		_digitalRead   		CODE           	1778	0000	362
		_digitalWrite  		CODE           	1170	0000	590
		_pinMode       		CODE           	13BE	0000	590

io.c estimated size: 1542

timer.c
		_timerInit     		CODE           	2554	0000	8

timer.c estimated size: 8

pwm.c
		_pwmInit       		CODE           	251A	0000	26
		_pwmFrequency  		CODE           	2492	0000	38
		_pwmSet        		CODE           	1FD4	0000	108

pwm.c estimated size: 172

newmain.c
		_limpaSSD      		CODE           	22B0	0000	76
		_main          		CODE           	0656	0000	1626
		_comp          		CODE           	1E50	0000	152
		_pegaUser      		CODE           	2040	0000	98
		_pegaSenha     		CODE           	20A2	0000	98

newmain.c estimated size: 2050

C:\Program Files\Microchip\xc8\v2.32\pic\sources\c99\common\Umul16.c
		___wmul        		CODE           	246C	0000	38

C:\Program Files\Microchip\xc8\v2.32\pic\sources\c99\common\Umul16.c estimated size: 38

shared
		_valor         		SMALLCONST     	0601	0000	16
		_charKey       		SMALLCONST     	0611	0000	10
		_Passw         		SMALLCONST     	061B	0000	5
		__initialization		CODE           	2534	0000	12
		_User          		SMALLCONST     	0620	0000	5

shared estimated size: 48

C:\Program Files\Microchip\xc8\v2.32\pic\sources\c99\common\awmod.c
		___awmod       		CODE           	1DA0	0000	176

C:\Program Files\Microchip\xc8\v2.32\pic\sources\c99\common\awmod.c estimated size: 176

C:\Program Files\Microchip\xc8\v2.32\pic\sources\c99\common\lwdiv.c
		___lwdiv       		CODE           	1F60	0000	116

C:\Program Files\Microchip\xc8\v2.32\pic\sources\c99\common\lwdiv.c estimated size: 116

lcd.c
		_lcdCommand    		CODE           	24FC	0000	30
		_lcdChar       		CODE           	24DE	0000	30
		_lcdString     		CODE           	220C	0000	86
		_pulseEnablePin		CODE           	22FC	0000	66
		_pushByte      		CODE           	2104	0000	90
		_lcdPosition   		CODE           	237C	0000	58
		_pushNibble    		CODE           	24B8	0000	38
		_lcdInit       		CODE           	1CEC	0000	180
		_delayMili     		CODE           	23E8	0000	48
		_delayMicro    		CODE           	255C	0000	2

lcd.c estimated size: 628

C:\Program Files\Microchip\xc8\v2.32\pic\sources\c99\common\flge.c
		___flge        		CODE           	1B24	0000	260

C:\Program Files\Microchip\xc8\v2.32\pic\sources\c99\common\flge.c estimated size: 260

